==7336== Memcheck, a memory error detector
==7336== Copyright (C) 2002-2017, and GNU GPL'd, by Julian Seward et al.
==7336== Using Valgrind-3.15.0 and LibVEX; rerun with -h for copyright info
==7336== Command: /workspaces/mc833/jsonc/json-c-build/tests/test4 /workspaces/mc833/jsonc/json-c/tests
==7336== Parent PID: 7320
==7336== 
==7336== 
==7336== HEAP SUMMARY:
==7336==     in use at exit: 0 bytes in 0 blocks
==7336==   total heap usage: 1,033 allocs, 1,033 frees, 134,250 bytes allocated
==7336== 
==7336== All heap blocks were freed -- no leaks are possible
==7336== 
==7336== For lists of detected and suppressed errors, rerun with: -s
==7336== ERROR SUMMARY: 0 errors from 0 contexts (suppressed: 0 from 0)
