==17766== Memcheck, a memory error detector
==17766== Copyright (C) 2002-2017, and GNU GPL'd, by Julian Seward et al.
==17766== Using Valgrind-3.15.0 and LibVEX; rerun with -h for copyright info
==17766== Command: /workspaces/mc833/jsonc/json-c-build/tests/test_double_serializer /workspaces/mc833/jsonc/json-c/tests
==17766== Parent PID: 17752
==17766== 
==17766== 
==17766== HEAP SUMMARY:
==17766==     in use at exit: 0 bytes in 0 blocks
==17766==   total heap usage: 32 allocs, 32 frees, 4,997 bytes allocated
==17766== 
==17766== All heap blocks were freed -- no leaks are possible
==17766== 
==17766== For lists of detected and suppressed errors, rerun with: -s
==17766== ERROR SUMMARY: 0 errors from 0 contexts (suppressed: 0 from 0)
