==7227== Memcheck, a memory error detector
==7227== Copyright (C) 2002-2017, and GNU GPL'd, by Julian Seward et al.
==7227== Using Valgrind-3.15.0 and LibVEX; rerun with -h for copyright info
==7227== Command: /workspaces/mc833/jsonc/json-c-build/tests/test1Formatted pretty
==7227== Parent PID: 7139
==7227== 
==7227== 
==7227== HEAP SUMMARY:
==7227==     in use at exit: 0 bytes in 0 blocks
==7227==   total heap usage: 240 allocs, 240 frees, 15,593 bytes allocated
==7227== 
==7227== All heap blocks were freed -- no leaks are possible
==7227== 
==7227== For lists of detected and suppressed errors, rerun with: -s
==7227== ERROR SUMMARY: 0 errors from 0 contexts (suppressed: 0 from 0)
