==7200== Memcheck, a memory error detector
==7200== Copyright (C) 2002-2017, and GNU GPL'd, by Julian Seward et al.
==7200== Using Valgrind-3.15.0 and LibVEX; rerun with -h for copyright info
==7200== Command: /workspaces/mc833/jsonc/json-c-build/tests/test1Formatted spaced
==7200== Parent PID: 7139
==7200== 
==7200== 
==7200== HEAP SUMMARY:
==7200==     in use at exit: 0 bytes in 0 blocks
==7200==   total heap usage: 240 allocs, 240 frees, 15,559 bytes allocated
==7200== 
==7200== All heap blocks were freed -- no leaks are possible
==7200== 
==7200== For lists of detected and suppressed errors, rerun with: -s
==7200== ERROR SUMMARY: 0 errors from 0 contexts (suppressed: 0 from 0)
