==35205== Memcheck, a memory error detector
==35205== Copyright (C) 2002-2017, and GNU GPL'd, by Julian Seward et al.
==35205== Using Valgrind-3.15.0 and LibVEX; rerun with -h for copyright info
==35205== Command: /workspaces/mc833/jsonc/json-c-build/tests/test1
==35205== Parent PID: 35193
==35205== 
==35205== 
==35205== HEAP SUMMARY:
==35205==     in use at exit: 0 bytes in 0 blocks
==35205==   total heap usage: 180 allocs, 180 frees, 15,093 bytes allocated
==35205== 
==35205== All heap blocks were freed -- no leaks are possible
==35205== 
==35205== For lists of detected and suppressed errors, rerun with: -s
==35205== ERROR SUMMARY: 0 errors from 0 contexts (suppressed: 0 from 0)
