==7235== Memcheck, a memory error detector
==7235== Copyright (C) 2002-2017, and GNU GPL'd, by Julian Seward et al.
==7235== Using Valgrind-3.15.0 and LibVEX; rerun with -h for copyright info
==7235== Command: /workspaces/mc833/jsonc/json-c-build/tests/test1Formatted spaced pretty
==7235== Parent PID: 7139
==7235== 
==7235== 
==7235== HEAP SUMMARY:
==7235==     in use at exit: 0 bytes in 0 blocks
==7235==   total heap usage: 240 allocs, 240 frees, 15,599 bytes allocated
==7235== 
==7235== All heap blocks were freed -- no leaks are possible
==7235== 
==7235== For lists of detected and suppressed errors, rerun with: -s
==7235== ERROR SUMMARY: 0 errors from 0 contexts (suppressed: 0 from 0)
