==17532== Memcheck, a memory error detector
==17532== Copyright (C) 2002-2017, and GNU GPL'd, by Julian Seward et al.
==17532== Using Valgrind-3.15.0 and LibVEX; rerun with -h for copyright info
==17532== Command: /workspaces/mc833/jsonc/json-c-build/tests/test1Formatted spaced pretty pretty_tab
==17532== Parent PID: 17465
==17532== 
==17532== 
==17532== HEAP SUMMARY:
==17532==     in use at exit: 0 bytes in 0 blocks
==17532==   total heap usage: 240 allocs, 240 frees, 15,578 bytes allocated
==17532== 
==17532== All heap blocks were freed -- no leaks are possible
==17532== 
==17532== For lists of detected and suppressed errors, rerun with: -s
==17532== ERROR SUMMARY: 0 errors from 0 contexts (suppressed: 0 from 0)
