==7190== Memcheck, a memory error detector
==7190== Copyright (C) 2002-2017, and GNU GPL'd, by Julian Seward et al.
==7190== Using Valgrind-3.15.0 and LibVEX; rerun with -h for copyright info
==7190== Command: /workspaces/mc833/jsonc/json-c-build/tests/test1Formatted plain
==7190== Parent PID: 7139
==7190== 
==7190== 
==7190== HEAP SUMMARY:
==7190==     in use at exit: 0 bytes in 0 blocks
==7190==   total heap usage: 240 allocs, 240 frees, 15,526 bytes allocated
==7190== 
==7190== All heap blocks were freed -- no leaks are possible
==7190== 
==7190== For lists of detected and suppressed errors, rerun with: -s
==7190== ERROR SUMMARY: 0 errors from 0 contexts (suppressed: 0 from 0)
