==7429== Memcheck, a memory error detector
==7429== Copyright (C) 2002-2017, and GNU GPL'd, by Julian Seward et al.
==7429== Using Valgrind-3.15.0 and LibVEX; rerun with -h for copyright info
==7429== Command: /workspaces/mc833/jsonc/json-c-build/tests/test_compare /workspaces/mc833/jsonc/json-c/tests
==7429== Parent PID: 7415
==7429== 
==7429== 
==7429== HEAP SUMMARY:
==7429==     in use at exit: 0 bytes in 0 blocks
==7429==   total heap usage: 70 allocs, 70 frees, 9,110 bytes allocated
==7429== 
==7429== All heap blocks were freed -- no leaks are possible
==7429== 
==7429== For lists of detected and suppressed errors, rerun with: -s
==7429== ERROR SUMMARY: 0 errors from 0 contexts (suppressed: 0 from 0)
