==35901== Memcheck, a memory error detector
==35901== Copyright (C) 2002-2017, and GNU GPL'd, by Julian Seward et al.
==35901== Using Valgrind-3.15.0 and LibVEX; rerun with -h for copyright info
==35901== Command: /workspaces/mc833/jsonc/json-c-build/tests/test_json_pointer /workspaces/mc833/jsonc/json-c/tests
==35901== Parent PID: 35887
==35901== 
==35901== 
==35901== HEAP SUMMARY:
==35901==     in use at exit: 0 bytes in 0 blocks
==35901==   total heap usage: 425 allocs, 425 frees, 38,923 bytes allocated
==35901== 
==35901== All heap blocks were freed -- no leaks are possible
==35901== 
==35901== For lists of detected and suppressed errors, rerun with: -s
==35901== ERROR SUMMARY: 0 errors from 0 contexts (suppressed: 0 from 0)
