==18098== Memcheck, a memory error detector
==18098== Copyright (C) 2002-2017, and GNU GPL'd, by Julian Seward et al.
==18098== Using Valgrind-3.15.0 and LibVEX; rerun with -h for copyright info
==18098== Command: /workspaces/mc833/jsonc/json-c-build/tests/test_visit /workspaces/mc833/jsonc/json-c/tests
==18098== Parent PID: 18084
==18098== 
==18098== 
==18098== HEAP SUMMARY:
==18098==     in use at exit: 0 bytes in 0 blocks
==18098==   total heap usage: 76 allocs, 76 frees, 9,746 bytes allocated
==18098== 
==18098== All heap blocks were freed -- no leaks are possible
==18098== 
==18098== For lists of detected and suppressed errors, rerun with: -s
==18098== ERROR SUMMARY: 0 errors from 0 contexts (suppressed: 0 from 0)
