==7291== Memcheck, a memory error detector
==7291== Copyright (C) 2002-2017, and GNU GPL'd, by Julian Seward et al.
==7291== Using Valgrind-3.15.0 and LibVEX; rerun with -h for copyright info
==7291== Command: /workspaces/mc833/jsonc/json-c-build/tests/test2Formatted pretty
==7291== Parent PID: 7261
==7291== 
==7291== 
==7291== HEAP SUMMARY:
==7291==     in use at exit: 0 bytes in 0 blocks
==7291==   total heap usage: 71 allocs, 71 frees, 12,534 bytes allocated
==7291== 
==7291== All heap blocks were freed -- no leaks are possible
==7291== 
==7291== For lists of detected and suppressed errors, rerun with: -s
==7291== ERROR SUMMARY: 0 errors from 0 contexts (suppressed: 0 from 0)
