==7295== Memcheck, a memory error detector
==7295== Copyright (C) 2002-2017, and GNU GPL'd, by Julian Seward et al.
==7295== Using Valgrind-3.15.0 and LibVEX; rerun with -h for copyright info
==7295== Command: /workspaces/mc833/jsonc/json-c-build/tests/test2Formatted spaced pretty
==7295== Parent PID: 7261
==7295== 
==7295== 
==7295== HEAP SUMMARY:
==7295==     in use at exit: 0 bytes in 0 blocks
==7295==   total heap usage: 71 allocs, 71 frees, 12,534 bytes allocated
==7295== 
==7295== All heap blocks were freed -- no leaks are possible
==7295== 
==7295== For lists of detected and suppressed errors, rerun with: -s
==7295== ERROR SUMMARY: 0 errors from 0 contexts (suppressed: 0 from 0)
