==35333== Memcheck, a memory error detector
==35333== Copyright (C) 2002-2017, and GNU GPL'd, by Julian Seward et al.
==35333== Using Valgrind-3.15.0 and LibVEX; rerun with -h for copyright info
==35333== Command: /workspaces/mc833/jsonc/json-c-build/tests/test2
==35333== Parent PID: 35321
==35333== 
==35333== 
==35333== HEAP SUMMARY:
==35333==     in use at exit: 0 bytes in 0 blocks
==35333==   total heap usage: 70 allocs, 70 frees, 11,510 bytes allocated
==35333== 
==35333== All heap blocks were freed -- no leaks are possible
==35333== 
==35333== For lists of detected and suppressed errors, rerun with: -s
==35333== ERROR SUMMARY: 0 errors from 0 contexts (suppressed: 0 from 0)
