==17578== Memcheck, a memory error detector
==17578== Copyright (C) 2002-2017, and GNU GPL'd, by Julian Seward et al.
==17578== Using Valgrind-3.15.0 and LibVEX; rerun with -h for copyright info
==17578== Command: /workspaces/mc833/jsonc/json-c-build/tests/test2Formatted plain
==17578== Parent PID: 17553
==17578== 
==17578== 
==17578== HEAP SUMMARY:
==17578==     in use at exit: 0 bytes in 0 blocks
==17578==   total heap usage: 70 allocs, 70 frees, 11,510 bytes allocated
==17578== 
==17578== All heap blocks were freed -- no leaks are possible
==17578== 
==17578== For lists of detected and suppressed errors, rerun with: -s
==17578== ERROR SUMMARY: 0 errors from 0 contexts (suppressed: 0 from 0)
