==17706== Memcheck, a memory error detector
==17706== Copyright (C) 2002-2017, and GNU GPL'd, by Julian Seward et al.
==17706== Using Valgrind-3.15.0 and LibVEX; rerun with -h for copyright info
==17706== Command: /workspaces/mc833/jsonc/json-c-build/tests/test_charcase /workspaces/mc833/jsonc/json-c/tests
==17706== Parent PID: 17692
==17706== 
==17706== 
==17706== HEAP SUMMARY:
==17706==     in use at exit: 0 bytes in 0 blocks
==17706==   total heap usage: 11 allocs, 11 frees, 6,632 bytes allocated
==17706== 
==17706== All heap blocks were freed -- no leaks are possible
==17706== 
==17706== For lists of detected and suppressed errors, rerun with: -s
==17706== ERROR SUMMARY: 0 errors from 0 contexts (suppressed: 0 from 0)
