==17797== Memcheck, a memory error detector
==17797== Copyright (C) 2002-2017, and GNU GPL'd, by Julian Seward et al.
==17797== Using Valgrind-3.15.0 and LibVEX; rerun with -h for copyright info
==17797== Command: /workspaces/mc833/jsonc/json-c-build/tests/test_float /workspaces/mc833/jsonc/json-c/tests
==17797== Parent PID: 17783
==17797== 
==17797== 
==17797== HEAP SUMMARY:
==17797==     in use at exit: 0 bytes in 0 blocks
==17797==   total heap usage: 16 allocs, 16 frees, 4,576 bytes allocated
==17797== 
==17797== All heap blocks were freed -- no leaks are possible
==17797== 
==17797== For lists of detected and suppressed errors, rerun with: -s
==17797== ERROR SUMMARY: 0 errors from 0 contexts (suppressed: 0 from 0)
