==17815== Memcheck, a memory error detector
==17815== Copyright (C) 2002-2017, and GNU GPL'd, by Julian Seward et al.
==17815== Using Valgrind-3.15.0 and LibVEX; rerun with -h for copyright info
==17815== Command: /workspaces/mc833/jsonc/json-c-build/tests/test_int_add /workspaces/mc833/jsonc/json-c/tests
==17815== Parent PID: 17801
==17815== 
==17815== 
==17815== HEAP SUMMARY:
==17815==     in use at exit: 0 bytes in 0 blocks
==17815==   total heap usage: 10 allocs, 10 frees, 4,600 bytes allocated
==17815== 
==17815== All heap blocks were freed -- no leaks are possible
==17815== 
==17815== For lists of detected and suppressed errors, rerun with: -s
==17815== ERROR SUMMARY: 0 errors from 0 contexts (suppressed: 0 from 0)
