==7565== Memcheck, a memory error detector
==7565== Copyright (C) 2002-2017, and GNU GPL'd, by Julian Seward et al.
==7565== Using Valgrind-3.15.0 and LibVEX; rerun with -h for copyright info
==7565== Command: /workspaces/mc833/jsonc/json-c-build/tests/test_int_get /workspaces/mc833/jsonc/json-c/tests
==7565== Parent PID: 7551
==7565== 
==7565== 
==7565== HEAP SUMMARY:
==7565==     in use at exit: 0 bytes in 0 blocks
==7565==   total heap usage: 43 allocs, 43 frees, 6,665 bytes allocated
==7565== 
==7565== All heap blocks were freed -- no leaks are possible
==7565== 
==7565== For lists of detected and suppressed errors, rerun with: -s
==7565== ERROR SUMMARY: 0 errors from 0 contexts (suppressed: 0 from 0)
