==7447== Memcheck, a memory error detector
==7447== Copyright (C) 2002-2017, and GNU GPL'd, by Julian Seward et al.
==7447== Using Valgrind-3.15.0 and LibVEX; rerun with -h for copyright info
==7447== Command: /workspaces/mc833/jsonc/json-c-build/tests/test_deep_copy /workspaces/mc833/jsonc/json-c/tests
==7447== Parent PID: 7433
==7447== 
==7447== 
==7447== HEAP SUMMARY:
==7447==     in use at exit: 0 bytes in 0 blocks
==7447==   total heap usage: 702 allocs, 702 frees, 92,878 bytes allocated
==7447== 
==7447== All heap blocks were freed -- no leaks are possible
==7447== 
==7447== For lists of detected and suppressed errors, rerun with: -s
==7447== ERROR SUMMARY: 0 errors from 0 contexts (suppressed: 0 from 0)
