==7649== Memcheck, a memory error detector
==7649== Copyright (C) 2002-2017, and GNU GPL'd, by Julian Seward et al.
==7649== Using Valgrind-3.15.0 and LibVEX; rerun with -h for copyright info
==7649== Command: /workspaces/mc833/jsonc/json-c-build/tests/test_parse_int64 /workspaces/mc833/jsonc/json-c/tests
==7649== Parent PID: 7635
==7649== 
==7649== 
==7649== HEAP SUMMARY:
==7649==     in use at exit: 0 bytes in 0 blocks
==7649==   total heap usage: 1 allocs, 1 frees, 4,096 bytes allocated
==7649== 
==7649== All heap blocks were freed -- no leaks are possible
==7649== 
==7649== For lists of detected and suppressed errors, rerun with: -s
==7649== ERROR SUMMARY: 0 errors from 0 contexts (suppressed: 0 from 0)
