==35832== Memcheck, a memory error detector
==35832== Copyright (C) 2002-2017, and GNU GPL'd, by Julian Seward et al.
==35832== Using Valgrind-3.15.0 and LibVEX; rerun with -h for copyright info
==35832== Command: /workspaces/mc833/jsonc/json-c-build/tests/test_util_file /workspaces/mc833/jsonc/json-c/tests
==35832== Parent PID: 35818
==35832== 
==35832== 
==35832== HEAP SUMMARY:
==35832==     in use at exit: 0 bytes in 0 blocks
==35832==   total heap usage: 206 allocs, 206 frees, 31,159 bytes allocated
==35832== 
==35832== All heap blocks were freed -- no leaks are possible
==35832== 
==35832== For lists of detected and suppressed errors, rerun with: -s
==35832== ERROR SUMMARY: 0 errors from 0 contexts (suppressed: 0 from 0)
