==17664== Memcheck, a memory error detector
==17664== Copyright (C) 2002-2017, and GNU GPL'd, by Julian Seward et al.
==17664== Using Valgrind-3.15.0 and LibVEX; rerun with -h for copyright info
==17664== Command: /workspaces/mc833/jsonc/json-c-build/tests/testReplaceExisting /workspaces/mc833/jsonc/json-c/tests
==17664== Parent PID: 17650
==17664== 
==17664== 
==17664== HEAP SUMMARY:
==17664==     in use at exit: 0 bytes in 0 blocks
==17664==   total heap usage: 13 allocs, 13 frees, 5,149 bytes allocated
==17664== 
==17664== All heap blocks were freed -- no leaks are possible
==17664== 
==17664== For lists of detected and suppressed errors, rerun with: -s
==17664== ERROR SUMMARY: 0 errors from 0 contexts (suppressed: 0 from 0)
