==7740== Memcheck, a memory error detector
==7740== Copyright (C) 2002-2017, and GNU GPL'd, by Julian Seward et al.
==7740== Using Valgrind-3.15.0 and LibVEX; rerun with -h for copyright info
==7740== Command: /workspaces/mc833/jsonc/json-c-build/tests/test_strerror /workspaces/mc833/jsonc/json-c/tests
==7740== Parent PID: 7726
==7740== 
==7740== 
==7740== HEAP SUMMARY:
==7740==     in use at exit: 0 bytes in 0 blocks
==7740==   total heap usage: 1 allocs, 1 frees, 4,096 bytes allocated
==7740== 
==7740== All heap blocks were freed -- no leaks are possible
==7740== 
==7740== For lists of detected and suppressed errors, rerun with: -s
==7740== ERROR SUMMARY: 0 errors from 0 contexts (suppressed: 0 from 0)
