==18116== Memcheck, a memory error detector
==18116== Copyright (C) 2002-2017, and GNU GPL'd, by Julian Seward et al.
==18116== Using Valgrind-3.15.0 and LibVEX; rerun with -h for copyright info
==18116== Command: /workspaces/mc833/jsonc/json-c-build/tests/test_object_iterator /workspaces/mc833/jsonc/json-c/tests
==18116== Parent PID: 18102
==18116== 
==18116== 
==18116== HEAP SUMMARY:
==18116==     in use at exit: 0 bytes in 0 blocks
==18116==   total heap usage: 43 allocs, 43 frees, 7,239 bytes allocated
==18116== 
==18116== All heap blocks were freed -- no leaks are possible
==18116== 
==18116== For lists of detected and suppressed errors, rerun with: -s
==18116== ERROR SUMMARY: 0 errors from 0 contexts (suppressed: 0 from 0)
