==7691== Memcheck, a memory error detector
==7691== Copyright (C) 2002-2017, and GNU GPL'd, by Julian Seward et al.
==7691== Using Valgrind-3.15.0 and LibVEX; rerun with -h for copyright info
==7691== Command: /workspaces/mc833/jsonc/json-c-build/tests/test_set_serializer /workspaces/mc833/jsonc/json-c/tests
==7691== Parent PID: 7677
==7691== 
==7691== 
==7691== HEAP SUMMARY:
==7691==     in use at exit: 0 bytes in 0 blocks
==7691==   total heap usage: 23 allocs, 23 frees, 6,792 bytes allocated
==7691== 
==7691== All heap blocks were freed -- no leaks are possible
==7691== 
==7691== For lists of detected and suppressed errors, rerun with: -s
==7691== ERROR SUMMARY: 0 errors from 0 contexts (suppressed: 0 from 0)
